game ( name ArcanaHeart2Suggoi! description "Arcana Heart 2, Suggoi!" manufacturer "" )
game ( name ArcanaHeart3 description "Arcana Heart 3" manufacturer "" )
game ( name Battlefantasy description "Battle Fantasy" manufacturer "" )
game ( name BattleGear4Tuned description "Battle Gear 4 Tuned" manufacturer "" )
game ( name BlazBlueCalamityTrigger description "BlazBlue Calamity Trigger" manufacturer "" )
game ( name BlazBlueContinuumShift  description "BlazBlue Continuum Shift" manufacturer "" )
game ( name ChaosBreaker  description "Chaos Breaker" manufacturer "" )
game ( name ContraEvolutionRevolution description "Contra - Evolution Revolution" manufacturer "" )
game ( name DaemonBride description "Daemon Bride" manufacturer "" )
game ( name DeathsmilesII description "Deathsmiles II" manufacturer "" )
game ( name FarCryParadiseLost description "Far Cry Paradise Lost" manufacturer "" )
game ( name GigaWingGenerations description "Giga Wing Generations" manufacturer "" ) 
game ( name PowerInstinct5Matrimelee2 description "PowerInstinct 5 Matrimelee 2 - Goketsuji Ichizoku Matsuri Senzo Kuyou" manufacturer "" )
game ( name Half-Life2SurvivorVer.2.0 description "Half-Life 2 Survivor Ver. 2.0" manufacturer "" )
game ( name Homura description "Homura" manufacturer "" )
game ( name TheKingOfFightersXIII description "King of Fighters XIII" manufacturer "" )
game ( name TheKingOfFightersXII description "King of Fighters XII" manufacturer "" )
game ( name TheKingofFighters98UltimateMatch description "King of Fighters '98 Ultimate Match" manufacturer "" )
game ( name KingofFightersMaximumImpactRegulationA description "King of Fighters Maximum Impact Regulation A" manufacturer "" )
game ( name MatrimeleeMatsuri description "Matrimelee Matsuri" manufacturer "" )
game ( name Otomedius description "Otomedius" manufacturer "" )
game ( name RaidenIV description "Raiden IV" manufacturer "" )
game ( name RaidenIII description "Raiden III" manufacturer "" )
game ( name SamuraiSpiritsSen description "Samurai Spirits Sen" manufacturer "" )
game ( name ShikigaminoShiroIII description "Shikigami no Shiro III" manufacturer "" )
game ( name SilentHillTheArcade description "Silent Hill The Arcade" manufacturer "" )
game ( name SpicaAdventure description "Spica Adventure" manufacturer "" )
game ( name StreetFighterIV description "Street Fighter IV" manufacturer "" )
game ( name TetrisTheGrandMaster3TerrorInstinct description "Tetris The Grand Master 3 Terror Instinct" manufacturer "" )
game ( name TroubleWitches description "Trouble Witches" manufacturer "" )
